// Jest Snapshot v1, https://goo.gl/fbAQLP

exports[`Save Question Workflow Loads stats for question after answer is submitted 1`] = `
Object {
  "asFragment": [Function],
  "baseElement": <body>
    <div>
      <div
        style="direction: ltr;"
      >
        <div
          class=""
          style="width: 0%; transition: width 800ms linear 0s; will-change: width, opacity; height: 3px; background-color: red; position: absolute; opacity: 0;"
        />
        <div
          style="display: table; clear: both;"
        />
      </div>
      <div
        class="container"
        data-testid="home-page"
      >
        <div
          class="dash-body"
        >
          <div
            class="user-banner"
          >
            <div
              class="user-info"
            >
              <img
                alt="avatar"
                class="avatar"
                src="./avatars/tyler.jpg"
              />
              <div
                class="user-name"
              >
                 
                tylermcginnis
              </div>
            </div>
            <div
              class="banner-spacer"
            />
            <div
              class="btn-container"
            >
              <button
                class="sign-out-btn"
              >
                Sign Out
              </button>
            </div>
          </div>
          <div
            class="nav"
          >
            <ul>
              <a
                class="nav-link"
                href="/"
              >
                <li>
                  Dashboard
                </li>
              </a>
              <a
                class="nav-link"
                href="/stats"
              >
                <li>
                  Stats
                </li>
              </a>
              <a
                class="nav-link"
                href="/newquestion"
              >
                <li>
                  New Poll
                </li>
              </a>
            </ul>
          </div>
          <div
            class="view-question"
          >
            <h2>
              View Poll by 
              sarahedo
               
            </h2>
            <img
              alt="avatar"
              class="author-avatar"
              src="../avatars/sarah.jpg"
            />
            <form
              class="view-question-form"
            >
              <h3>
                Would You Rather?
              </h3>
              <div
                class="question-area"
              >
                <label>
                  Answer 1
                </label>
                <div
                  class="answer-select"
                >
                  <input
                    data-testid="answer-checkbox"
                    id="optionOne"
                    type="checkbox"
                  />
                  <textarea
                    id="optionOneText"
                    readonly=""
                  >
                    conduct a release retrospective 1 week after a release
                  </textarea>
                </div>
                <label>
                  Answer 2
                </label>
                <div
                  class="answer-select"
                >
                  <input
                    id="optionTwo"
                    type="checkbox"
                  />
                  <textarea
                    id="optionTwoText"
                    readonly=""
                  >
                    conduct release retrospectives quarterly
                  </textarea>
                </div>
              </div>
              <button
                data-testid="answer-btn"
                type="submit"
              >
                Submit Answer
              </button>
            </form>
          </div>
        </div>
      </div>
    </div>
  </body>,
  "container": <div>
    <div
      style="direction: ltr;"
    >
      <div
        class=""
        style="width: 0%; transition: width 800ms linear 0s; will-change: width, opacity; height: 3px; background-color: red; position: absolute; opacity: 0;"
      />
      <div
        style="display: table; clear: both;"
      />
    </div>
    <div
      class="container"
      data-testid="home-page"
    >
      <div
        class="dash-body"
      >
        <div
          class="user-banner"
        >
          <div
            class="user-info"
          >
            <img
              alt="avatar"
              class="avatar"
              src="./avatars/tyler.jpg"
            />
            <div
              class="user-name"
            >
               
              tylermcginnis
            </div>
          </div>
          <div
            class="banner-spacer"
          />
          <div
            class="btn-container"
          >
            <button
              class="sign-out-btn"
            >
              Sign Out
            </button>
          </div>
        </div>
        <div
          class="nav"
        >
          <ul>
            <a
              class="nav-link"
              href="/"
            >
              <li>
                Dashboard
              </li>
            </a>
            <a
              class="nav-link"
              href="/stats"
            >
              <li>
                Stats
              </li>
            </a>
            <a
              class="nav-link"
              href="/newquestion"
            >
              <li>
                New Poll
              </li>
            </a>
          </ul>
        </div>
        <div
          class="view-question"
        >
          <h2>
            View Poll by 
            sarahedo
             
          </h2>
          <img
            alt="avatar"
            class="author-avatar"
            src="../avatars/sarah.jpg"
          />
          <form
            class="view-question-form"
          >
            <h3>
              Would You Rather?
            </h3>
            <div
              class="question-area"
            >
              <label>
                Answer 1
              </label>
              <div
                class="answer-select"
              >
                <input
                  data-testid="answer-checkbox"
                  id="optionOne"
                  type="checkbox"
                />
                <textarea
                  id="optionOneText"
                  readonly=""
                >
                  conduct a release retrospective 1 week after a release
                </textarea>
              </div>
              <label>
                Answer 2
              </label>
              <div
                class="answer-select"
              >
                <input
                  id="optionTwo"
                  type="checkbox"
                />
                <textarea
                  id="optionTwoText"
                  readonly=""
                >
                  conduct release retrospectives quarterly
                </textarea>
              </div>
            </div>
            <button
              data-testid="answer-btn"
              type="submit"
            >
              Submit Answer
            </button>
          </form>
        </div>
      </div>
    </div>
  </div>,
  "debug": [Function],
  "findAllByAltText": [Function],
  "findAllByDisplayValue": [Function],
  "findAllByLabelText": [Function],
  "findAllByPlaceholderText": [Function],
  "findAllByRole": [Function],
  "findAllByTestId": [Function],
  "findAllByText": [Function],
  "findAllByTitle": [Function],
  "findByAltText": [Function],
  "findByDisplayValue": [Function],
  "findByLabelText": [Function],
  "findByPlaceholderText": [Function],
  "findByRole": [Function],
  "findByTestId": [Function],
  "findByText": [Function],
  "findByTitle": [Function],
  "getAllByAltText": [Function],
  "getAllByDisplayValue": [Function],
  "getAllByLabelText": [Function],
  "getAllByPlaceholderText": [Function],
  "getAllByRole": [Function],
  "getAllByTestId": [Function],
  "getAllByText": [Function],
  "getAllByTitle": [Function],
  "getByAltText": [Function],
  "getByDisplayValue": [Function],
  "getByLabelText": [Function],
  "getByPlaceholderText": [Function],
  "getByRole": [Function],
  "getByTestId": [Function],
  "getByText": [Function],
  "getByTitle": [Function],
  "queryAllByAltText": [Function],
  "queryAllByDisplayValue": [Function],
  "queryAllByLabelText": [Function],
  "queryAllByPlaceholderText": [Function],
  "queryAllByRole": [Function],
  "queryAllByTestId": [Function],
  "queryAllByText": [Function],
  "queryAllByTitle": [Function],
  "queryByAltText": [Function],
  "queryByDisplayValue": [Function],
  "queryByLabelText": [Function],
  "queryByPlaceholderText": [Function],
  "queryByRole": [Function],
  "queryByTestId": [Function],
  "queryByText": [Function],
  "queryByTitle": [Function],
  "rerender": [Function],
  "unmount": [Function],
}
`;

exports[`Save Question Workflow Snapshot: Renders QuestionPage after clicking on question from dashboard 1`] = `
Object {
  "asFragment": [Function],
  "baseElement": <body>
    <div>
      <div
        style="direction: ltr;"
      >
        <div
          class=""
          style="width: 0%; transition: width 800ms linear 0s; will-change: width, opacity; height: 3px; background-color: red; position: absolute; opacity: 0;"
        />
        <div
          style="display: table; clear: both;"
        />
      </div>
      <div
        class="container"
        data-testid="home-page"
      >
        <div
          class="dash-body"
        >
          <div
            class="user-banner"
          >
            <div
              class="user-info"
            >
              <img
                alt="avatar"
                class="avatar"
                src="./avatars/tyler.jpg"
              />
              <div
                class="user-name"
              >
                 
                tylermcginnis
              </div>
            </div>
            <div
              class="banner-spacer"
            />
            <div
              class="btn-container"
            >
              <button
                class="sign-out-btn"
              >
                Sign Out
              </button>
            </div>
          </div>
          <div
            class="nav"
          >
            <ul>
              <a
                class="nav-link"
                href="/"
              >
                <li>
                  Dashboard
                </li>
              </a>
              <a
                class="nav-link"
                href="/stats"
              >
                <li>
                  Stats
                </li>
              </a>
              <a
                class="nav-link"
                href="/newquestion"
              >
                <li>
                  New Poll
                </li>
              </a>
            </ul>
          </div>
          <div
            class="view-question"
          >
            <h2>
              View Poll by 
              sarahedo
               
            </h2>
            <img
              alt="avatar"
              class="author-avatar"
              src="../avatars/sarah.jpg"
            />
            <form
              class="view-question-form"
            >
              <h3>
                Would You Rather?
              </h3>
              <div
                class="question-area"
              >
                <label>
                  Answer 1
                </label>
                <div
                  class="answer-select"
                >
                  <input
                    data-testid="answer-checkbox"
                    id="optionOne"
                    type="checkbox"
                  />
                  <textarea
                    id="optionOneText"
                    readonly=""
                  >
                    conduct a release retrospective 1 week after a release
                  </textarea>
                </div>
                <label>
                  Answer 2
                </label>
                <div
                  class="answer-select"
                >
                  <input
                    id="optionTwo"
                    type="checkbox"
                  />
                  <textarea
                    id="optionTwoText"
                    readonly=""
                  >
                    conduct release retrospectives quarterly
                  </textarea>
                </div>
              </div>
              <button
                data-testid="answer-btn"
                type="submit"
              >
                Submit Answer
              </button>
            </form>
          </div>
        </div>
      </div>
    </div>
  </body>,
  "container": <div>
    <div
      style="direction: ltr;"
    >
      <div
        class=""
        style="width: 0%; transition: width 800ms linear 0s; will-change: width, opacity; height: 3px; background-color: red; position: absolute; opacity: 0;"
      />
      <div
        style="display: table; clear: both;"
      />
    </div>
    <div
      class="container"
      data-testid="home-page"
    >
      <div
        class="dash-body"
      >
        <div
          class="user-banner"
        >
          <div
            class="user-info"
          >
            <img
              alt="avatar"
              class="avatar"
              src="./avatars/tyler.jpg"
            />
            <div
              class="user-name"
            >
               
              tylermcginnis
            </div>
          </div>
          <div
            class="banner-spacer"
          />
          <div
            class="btn-container"
          >
            <button
              class="sign-out-btn"
            >
              Sign Out
            </button>
          </div>
        </div>
        <div
          class="nav"
        >
          <ul>
            <a
              class="nav-link"
              href="/"
            >
              <li>
                Dashboard
              </li>
            </a>
            <a
              class="nav-link"
              href="/stats"
            >
              <li>
                Stats
              </li>
            </a>
            <a
              class="nav-link"
              href="/newquestion"
            >
              <li>
                New Poll
              </li>
            </a>
          </ul>
        </div>
        <div
          class="view-question"
        >
          <h2>
            View Poll by 
            sarahedo
             
          </h2>
          <img
            alt="avatar"
            class="author-avatar"
            src="../avatars/sarah.jpg"
          />
          <form
            class="view-question-form"
          >
            <h3>
              Would You Rather?
            </h3>
            <div
              class="question-area"
            >
              <label>
                Answer 1
              </label>
              <div
                class="answer-select"
              >
                <input
                  data-testid="answer-checkbox"
                  id="optionOne"
                  type="checkbox"
                />
                <textarea
                  id="optionOneText"
                  readonly=""
                >
                  conduct a release retrospective 1 week after a release
                </textarea>
              </div>
              <label>
                Answer 2
              </label>
              <div
                class="answer-select"
              >
                <input
                  id="optionTwo"
                  type="checkbox"
                />
                <textarea
                  id="optionTwoText"
                  readonly=""
                >
                  conduct release retrospectives quarterly
                </textarea>
              </div>
            </div>
            <button
              data-testid="answer-btn"
              type="submit"
            >
              Submit Answer
            </button>
          </form>
        </div>
      </div>
    </div>
  </div>,
  "debug": [Function],
  "findAllByAltText": [Function],
  "findAllByDisplayValue": [Function],
  "findAllByLabelText": [Function],
  "findAllByPlaceholderText": [Function],
  "findAllByRole": [Function],
  "findAllByTestId": [Function],
  "findAllByText": [Function],
  "findAllByTitle": [Function],
  "findByAltText": [Function],
  "findByDisplayValue": [Function],
  "findByLabelText": [Function],
  "findByPlaceholderText": [Function],
  "findByRole": [Function],
  "findByTestId": [Function],
  "findByText": [Function],
  "findByTitle": [Function],
  "getAllByAltText": [Function],
  "getAllByDisplayValue": [Function],
  "getAllByLabelText": [Function],
  "getAllByPlaceholderText": [Function],
  "getAllByRole": [Function],
  "getAllByTestId": [Function],
  "getAllByText": [Function],
  "getAllByTitle": [Function],
  "getByAltText": [Function],
  "getByDisplayValue": [Function],
  "getByLabelText": [Function],
  "getByPlaceholderText": [Function],
  "getByRole": [Function],
  "getByTestId": [Function],
  "getByText": [Function],
  "getByTitle": [Function],
  "queryAllByAltText": [Function],
  "queryAllByDisplayValue": [Function],
  "queryAllByLabelText": [Function],
  "queryAllByPlaceholderText": [Function],
  "queryAllByRole": [Function],
  "queryAllByTestId": [Function],
  "queryAllByText": [Function],
  "queryAllByTitle": [Function],
  "queryByAltText": [Function],
  "queryByDisplayValue": [Function],
  "queryByLabelText": [Function],
  "queryByPlaceholderText": [Function],
  "queryByRole": [Function],
  "queryByTestId": [Function],
  "queryByText": [Function],
  "queryByTitle": [Function],
  "rerender": [Function],
  "unmount": [Function],
}
`;
